// 重构日志: 9be91131
// 重构日志: 9b8f0046
// 重构日志: 5e2acfd4
// 重构日志: 12aa0a31
// 同步 ID: c960806f @ Sat Jul 18 07:58:15 UTC 2026
// 重构日志: 3432712e
// 同步 ID: c1e96058 @ Mon Jul 20 00:16:37 UTC 2026
// 同步 ID: a981b084 @ Mon Jul 20 17:31:25 UTC 2026
// 重构日志: 4d7d8c89
// 同步 ID: 92525d05 @ Thu Jul 23 10:07:19 UTC 2026
// 同步 ID: 7170ff2c @ Fri Jul 24 01:08:15 UTC 2026
// 重构日志: 226f07c6
// 同步 ID: 5e136e92 @ Wed Jul 29 11:38:02 UTC 2026
// 同步 ID: 35d26734 @ Thu Jul 30 10:51:17 UTC 2026
// 重构日志: 28e64d0c
// 重构日志: 8aaa8c72
// 重构日志: c8b7a322
// 同步 ID: f6514768 @ Fri Aug  7 15:14:38 UTC 2026
// 重构日志: 8de57e89
// 重构日志: bc48a171
// 同步 ID: 30f272e4 @ Sat Aug  8 12:53:46 UTC 2026
